Traceback (most recent call last):
  File "/home/kawai/anaconda3/envs/book/lib/python3.12/site-packages/jupyter_core/utils/__init__.py", line 154, in wrapped
    asyncio.get_running_loop()
RuntimeError: no running event loop

During handling of the above exception, another exception occurred:

Traceback (most recent call last):
  File "/home/kawai/anaconda3/envs/book/lib/python3.12/site-packages/jupyter_cache/executors/utils.py", line 58, in single_nb_execution
    executenb(
  File "/home/kawai/anaconda3/envs/book/lib/python3.12/site-packages/nbclient/client.py", line 1319, in execute
    return NotebookClient(nb=nb, resources=resources, km=km, **kwargs).execute()
           ^^^^^^^^^^^^^^^^^^^^^^^^^^^^^^^^^^^^^^^^^^^^^^^^^^^^^^^^^^^^^^^^^^^^^
  File "/home/kawai/anaconda3/envs/book/lib/python3.12/site-packages/jupyter_core/utils/__init__.py", line 158, in wrapped
    return loop.run_until_complete(inner)
           ^^^^^^^^^^^^^^^^^^^^^^^^^^^^^^
  File "/home/kawai/anaconda3/envs/book/lib/python3.12/asyncio/base_events.py", line 691, in run_until_complete
    return future.result()
           ^^^^^^^^^^^^^^^
  File "/home/kawai/anaconda3/envs/book/lib/python3.12/site-packages/nbclient/client.py", line 709, in async_execute
    await self.async_execute_cell(
  File "/home/kawai/anaconda3/envs/book/lib/python3.12/site-packages/nbclient/client.py", line 1062, in async_execute_cell
    await self._check_raise_for_error(cell, cell_index, exec_reply)
  File "/home/kawai/anaconda3/envs/book/lib/python3.12/site-packages/nbclient/client.py", line 918, in _check_raise_for_error
    raise CellExecutionError.from_cell_and_msg(cell, exec_reply_content)
nbclient.exceptions.CellExecutionError: An error occurred while executing the following cell:
------------------

# We use state vector simulator
backend = Aer.get_backend('statevector_simulator')
job = backend.run(qc)
result = job.result()
psi=result.get_statevector(qc)

# plot_bloch_multivector plots Bloch vector for each qubit.
from qiskit.visualization import plot_bloch_multivector
plot_bloch_multivector(psi)

# Find that both qubits are |-> 
------------------


[31m---------------------------------------------------------------------------[39m
[31mNameError[39m                                 Traceback (most recent call last)
[36mCell[39m[36m [39m[32mIn[2][39m[32m, line 2[39m
[32m      1[39m [38;5;66;03m# We use state vector simulator[39;00m
[32m----> [39m[32m2[39m backend = [43mAer[49m.get_backend([33m'[39m[33mstatevector_simulator[39m[33m'[39m)
[32m      3[39m job = backend.run(qc)
[32m      4[39m result = job.result()

[31mNameError[39m: name 'Aer' is not defined

