Traceback (most recent call last):
  File "/home/kawai/anaconda3/envs/book/lib/python3.12/site-packages/jupyter_core/utils/__init__.py", line 154, in wrapped
    asyncio.get_running_loop()
RuntimeError: no running event loop

During handling of the above exception, another exception occurred:

Traceback (most recent call last):
  File "/home/kawai/anaconda3/envs/book/lib/python3.12/site-packages/jupyter_cache/executors/utils.py", line 58, in single_nb_execution
    executenb(
  File "/home/kawai/anaconda3/envs/book/lib/python3.12/site-packages/nbclient/client.py", line 1319, in execute
    return NotebookClient(nb=nb, resources=resources, km=km, **kwargs).execute()
           ^^^^^^^^^^^^^^^^^^^^^^^^^^^^^^^^^^^^^^^^^^^^^^^^^^^^^^^^^^^^^^^^^^^^^
  File "/home/kawai/anaconda3/envs/book/lib/python3.12/site-packages/jupyter_core/utils/__init__.py", line 158, in wrapped
    return loop.run_until_complete(inner)
           ^^^^^^^^^^^^^^^^^^^^^^^^^^^^^^
  File "/home/kawai/anaconda3/envs/book/lib/python3.12/asyncio/base_events.py", line 691, in run_until_complete
    return future.result()
           ^^^^^^^^^^^^^^^
  File "/home/kawai/anaconda3/envs/book/lib/python3.12/site-packages/nbclient/client.py", line 709, in async_execute
    await self.async_execute_cell(
  File "/home/kawai/anaconda3/envs/book/lib/python3.12/site-packages/nbclient/client.py", line 1062, in async_execute_cell
    await self._check_raise_for_error(cell, cell_index, exec_reply)
  File "/home/kawai/anaconda3/envs/book/lib/python3.12/site-packages/nbclient/client.py", line 918, in _check_raise_for_error
    raise CellExecutionError.from_cell_and_msg(cell, exec_reply_content)
nbclient.exceptions.CellExecutionError: An error occurred while executing the following cell:
------------------
# import 
# importhe visualization tool
from qiskit.visualization import plot_bloch_multivector

# impor
# import basis vectors
from qiskit.opflow import Zero, One, Plus, Minus

# show Bloch vector for |0>, |1>, |+>, and |->
plot_bloch_multivector(Minus^Plus^One^Zero)

------------------


[31m---------------------------------------------------------------------------[39m
[31mModuleNotFoundError[39m                       Traceback (most recent call last)
[36mCell[39m[36m [39m[32mIn[1][39m[32m, line 7[39m
[32m      3[39m [38;5;28;01mfrom[39;00m[38;5;250m [39m[34;01mqiskit[39;00m[34;01m.[39;00m[34;01mvisualization[39;00m[38;5;250m [39m[38;5;28;01mimport[39;00m plot_bloch_multivector
[32m      5[39m [38;5;66;03m# impor[39;00m
[32m      6[39m [38;5;66;03m# import basis vectors[39;00m
[32m----> [39m[32m7[39m [38;5;28;01mfrom[39;00m[38;5;250m [39m[34;01mqiskit[39;00m[34;01m.[39;00m[34;01mopflow[39;00m[38;5;250m [39m[38;5;28;01mimport[39;00m Zero, One, Plus, Minus
[32m      9[39m [38;5;66;03m# show Bloch vector for |0>, |1>, |+>, and |->[39;00m
[32m     10[39m plot_bloch_multivector(Minus^Plus^One^Zero)

[31mModuleNotFoundError[39m: No module named 'qiskit.opflow'

