Traceback (most recent call last):
  File "/home/kawai/anaconda3/envs/book/lib/python3.12/site-packages/jupyter_core/utils/__init__.py", line 154, in wrapped
    asyncio.get_running_loop()
RuntimeError: no running event loop

During handling of the above exception, another exception occurred:

Traceback (most recent call last):
  File "/home/kawai/anaconda3/envs/book/lib/python3.12/site-packages/jupyter_cache/executors/utils.py", line 58, in single_nb_execution
    executenb(
  File "/home/kawai/anaconda3/envs/book/lib/python3.12/site-packages/nbclient/client.py", line 1319, in execute
    return NotebookClient(nb=nb, resources=resources, km=km, **kwargs).execute()
           ^^^^^^^^^^^^^^^^^^^^^^^^^^^^^^^^^^^^^^^^^^^^^^^^^^^^^^^^^^^^^^^^^^^^^
  File "/home/kawai/anaconda3/envs/book/lib/python3.12/site-packages/jupyter_core/utils/__init__.py", line 158, in wrapped
    return loop.run_until_complete(inner)
           ^^^^^^^^^^^^^^^^^^^^^^^^^^^^^^
  File "/home/kawai/anaconda3/envs/book/lib/python3.12/asyncio/base_events.py", line 691, in run_until_complete
    return future.result()
           ^^^^^^^^^^^^^^^
  File "/home/kawai/anaconda3/envs/book/lib/python3.12/site-packages/nbclient/client.py", line 709, in async_execute
    await self.async_execute_cell(
  File "/home/kawai/anaconda3/envs/book/lib/python3.12/site-packages/nbclient/client.py", line 1062, in async_execute_cell
    await self._check_raise_for_error(cell, cell_index, exec_reply)
  File "/home/kawai/anaconda3/envs/book/lib/python3.12/site-packages/nbclient/client.py", line 918, in _check_raise_for_error
    raise CellExecutionError.from_cell_and_msg(cell, exec_reply_content)
nbclient.exceptions.CellExecutionError: An error occurred while executing the following cell:
------------------
# Import numpy (for sqrt)
import numpy as np

# Import the base vectors from qiskit.opflow library
from qiskit.opflow import Zero, One, Plus, Minus

# Example of inner product calculation with qiskit

# First example calculate the norm of |0> and |1>
# Zero and One are ket
# ~Zero and ~One are corresponding bra
# @ product between bra and ket, that is inner product
# To complete the operation @, we must evaluate it by .eval()

Norm_of_Zero = np.sqrt((~Zero @ Zero).eval())
Norm_of_One  = np.sqrt((~One @ One).eval())

# Show the reults
print("Norm of |0> =", Norm_of_Zero)
print("Norm of |1> =", Norm_of_One)

# Next we check the orthogonality between |0> and |1>
Inner_Product = (~Zero @ One).eval()

# Show the result.
print("<0|1> =", Inner_Product)
------------------


[31m---------------------------------------------------------------------------[39m
[31mModuleNotFoundError[39m                       Traceback (most recent call last)
[36mCell[39m[36m [39m[32mIn[1][39m[32m, line 5[39m
[32m      2[39m [38;5;28;01mimport[39;00m[38;5;250m [39m[34;01mnumpy[39;00m[38;5;250m [39m[38;5;28;01mas[39;00m[38;5;250m [39m[34;01mnp[39;00m
[32m      4[39m [38;5;66;03m# Import the base vectors from qiskit.opflow library[39;00m
[32m----> [39m[32m5[39m [38;5;28;01mfrom[39;00m[38;5;250m [39m[34;01mqiskit[39;00m[34;01m.[39;00m[34;01mopflow[39;00m[38;5;250m [39m[38;5;28;01mimport[39;00m Zero, One, Plus, Minus
[32m      7[39m [38;5;66;03m# Example of inner product calculation with qiskit[39;00m
[32m      8[39m 
[32m      9[39m [38;5;66;03m# First example calculate the norm of |0> and |1>[39;00m
[32m   (...)[39m[32m     12[39m [38;5;66;03m# @ product between bra and ket, that is inner product[39;00m
[32m     13[39m [38;5;66;03m# To complete the operation @, we must evaluate it by .eval()[39;00m
[32m     15[39m Norm_of_Zero = np.sqrt((~Zero @ Zero).eval())

[31mModuleNotFoundError[39m: No module named 'qiskit.opflow'

